Sony 학습기준 q99.9 평균 K=1.0000, 포화율 100.0%
  0/598
  200/598
  400/598
retinexformer  24.4382→24.6438 (+0.2057) 95%[+0.049,+0.460] p=0.0005 개선 14/50 최악 -0.37 SSIM 0.6800→0.6808
snrnet         22.8672→22.9207 (+0.0535) 95%[+0.007,+0.104] p=0.0155 개선 12/50 최악 -0.25 SSIM 0.6251→0.6251
lightendiff    17.0926→17.1429 (+0.0503) 95%[+0.016,+0.097] p=0.0005 개선 18/50 최악 -0.09 SSIM 0.4607→0.4607
zerodcepp      12.7369→12.7185 (-0.0184) 95%[-0.079,+0.016] p=0.5263 개선 10/50 최악 -1.27 SSIM 0.1376→0.1370
버스트: 출력평균 24.5630 → 앵커 24.8413 (+0.2783)
LOL 학습기준 q99.9 K=0.9033, 포화율 35.0%
LOL snrnet         24.6095→21.7295 (-2.8800) p=0.0028
LOL llformer       23.6485→21.1314 (-2.5171) p=0.0107
LOL gsad           22.8083→21.5784 (-1.2299) p=0.3393
LOL lightendiff    20.1158→20.3089 (+0.1931) p=0.8204
LOL uretinex       19.8600→18.6853 (-1.1747) p=0.4369
LOL zerodcepp      15.3441→18.3522 (+3.0081) p=0.0057

Holm m=10: 통과(이득) ['Sony/retinexformer', 'Sony/lightendiff', 'LOL/zerodcepp'] / 통과(손해) ['LOL/snrnet']
  Sony/retinexformer     p=0.0005 → 0.0050  (+0.206 dB)
  Sony/lightendiff       p=0.0005 → 0.0045  (+0.050 dB)
  LOL/snrnet             p=0.0028 → 0.0224  (-2.880 dB)
  LOL/zerodcepp          p=0.0057 → 0.0399  (+3.008 dB)
  LOL/llformer           p=0.0107 → 0.0642  (-2.517 dB)
  Sony/snrnet            p=0.0155 → 0.0775  (+0.054 dB)
  LOL/gsad               p=0.3393 → 1.0000  (-1.230 dB)
  LOL/uretinex           p=0.4369 → 1.0000  (-1.175 dB)
  Sony/zerodcepp         p=0.5263 → 1.0000  (-0.018 dB)
  LOL/lightendiff        p=0.8204 → 0.8204  (+0.193 dB)
